| str_fmt_test.py:8:12:8:16 | StrConst | Invalid conversion specifier at index 0 of '%Z'. |
