| decorated_exports.py:3:33:3:45 | StrConst | The name 'not_defined' is exported by __all__ but is not defined. |
| exports.py:1:57:1:64 | StrConst | The name 'nosuch' is exported by __all__ but is not defined. |
