| UndefinedExport.py:3:18:3:20 | StrConst | The name 'y' is exported by __all__ but is not defined. |
| UndefinedExport.py:3:23:3:25 | StrConst | The name 'z' is exported by __all__ but is not defined. |
| UndefinedExport.py:3:28:3:35 | StrConst | The name 'module' is exported by __all__ but is not defined. |
| package/__init__.py:1:23:1:34 | StrConst | The name 'not_exists' is exported by __all__ but is not defined. |
