| test.py:46:12:46:18 | StrConst | This regular expression includes duplicate character 'A' in a set of characters. |
| test.py:47:12:47:19 | StrConst | This regular expression includes duplicate character '0' in a set of characters. |
| test.py:48:12:48:21 | StrConst | This regular expression includes duplicate character '-' in a set of characters. |
