| test.py:22:12:22:29 | StrConst | Regular expression is missing '?' in named group. |
| test.py:23:12:23:33 | StrConst | Regular expression is missing '?' in named group. |
