| test.py:3:17:3:23 | StrConst | Formatting string mixes implicitly and explicitly numbered fields. |
| test.py:8:17:8:23 | StrConst | Formatting string mixes implicitly and explicitly numbered fields. |
